Analysis & Synthesis report for Project1
Sat Mar 23 17:43:43 2019
Quartus Prime Version 18.1.0 Build 625 09/12/2018 SJ Lite Edition


---------------------
; Table of Contents ;
---------------------
  1. Legal Notice
  2. Analysis & Synthesis Summary
  3. Analysis & Synthesis Settings
  4. Parallel Compilation
  5. Analysis & Synthesis Source Files Read
  6. Analysis & Synthesis Resource Usage Summary
  7. Analysis & Synthesis Resource Utilization by Entity
  8. General Register Statistics
  9. Inverted Register Statistics
 10. Multiplexer Restructuring Statistics (Restructuring Performed)
 11. Parameter Settings for User Entity Instance: Arithmetic:math1|Add:addinst
 12. Parameter Settings for User Entity Instance: Arithmetic:math1|Sub:subinst
 13. Post-Synthesis Netlist Statistics for Top Partition
 14. Elapsed Time Per Partition
 15. Analysis & Synthesis Messages



----------------
; Legal Notice ;
----------------
Copyright (C) 2018  Intel Corporation. All rights reserved.
Your use of Intel Corporation's design tools, logic functions 
and other software and tools, and its AMPP partner logic 
functions, and any output files from any of the foregoing 
(including device programming or simulation files), and any 
associated documentation or information are expressly subject 
to the terms and conditions of the Intel Program License 
Subscription Agreement, the Intel Quartus Prime License Agreement,
the Intel FPGA IP License Agreement, or other applicable license
agreement, including, without limitation, that your use is for
the sole purpose of programming logic devices manufactured by
Intel and sold by Intel or its authorized distributors.  Please
refer to the applicable agreement for further details.



+----------------------------------------------------------------------------------+
; Analysis & Synthesis Summary                                                     ;
+------------------------------------+---------------------------------------------+
; Analysis & Synthesis Status        ; Successful - Sat Mar 23 17:43:43 2019       ;
; Quartus Prime Version              ; 18.1.0 Build 625 09/12/2018 SJ Lite Edition ;
; Revision Name                      ; Project1                                    ;
; Top-level Entity Name              ; Project1_top                                ;
; Family                             ; MAX 10                                      ;
; Total logic elements               ; 291                                         ;
;     Total combinational functions  ; 290                                         ;
;     Dedicated logic registers      ; 67                                          ;
; Total registers                    ; 67                                          ;
; Total pins                         ; 39                                          ;
; Total virtual pins                 ; 0                                           ;
; Total memory bits                  ; 0                                           ;
; Embedded Multiplier 9-bit elements ; 0                                           ;
; Total PLLs                         ; 0                                           ;
; UFM blocks                         ; 0                                           ;
; ADC blocks                         ; 0                                           ;
+------------------------------------+---------------------------------------------+


+------------------------------------------------------------------------------------------------------------+
; Analysis & Synthesis Settings                                                                              ;
+------------------------------------------------------------------+--------------------+--------------------+
; Option                                                           ; Setting            ; Default Value      ;
+------------------------------------------------------------------+--------------------+--------------------+
; Device                                                           ; 10M50DAF484C6GES   ;                    ;
; Top-level entity name                                            ; Project1_top       ; Project1           ;
; Family name                                                      ; MAX 10             ; Cyclone V          ;
; Use smart compilation                                            ; Off                ; Off                ;
; Enable parallel Assembler and Timing Analyzer during compilation ; On                 ; On                 ;
; Enable compact report table                                      ; Off                ; Off                ;
; Restructure Multiplexers                                         ; Auto               ; Auto               ;
; Create Debugging Nodes for IP Cores                              ; Off                ; Off                ;
; Preserve fewer node names                                        ; On                 ; On                 ;
; Intel FPGA IP Evaluation Mode                                    ; Enable             ; Enable             ;
; Verilog Version                                                  ; Verilog_2001       ; Verilog_2001       ;
; VHDL Version                                                     ; VHDL_1993          ; VHDL_1993          ;
; State Machine Processing                                         ; Auto               ; Auto               ;
; Safe State Machine                                               ; Off                ; Off                ;
; Extract Verilog State Machines                                   ; On                 ; On                 ;
; Extract VHDL State Machines                                      ; On                 ; On                 ;
; Ignore Verilog initial constructs                                ; Off                ; Off                ;
; Iteration limit for constant Verilog loops                       ; 5000               ; 5000               ;
; Iteration limit for non-constant Verilog loops                   ; 250                ; 250                ;
; Add Pass-Through Logic to Inferred RAMs                          ; On                 ; On                 ;
; Infer RAMs from Raw Logic                                        ; On                 ; On                 ;
; Parallel Synthesis                                               ; On                 ; On                 ;
; DSP Block Balancing                                              ; Auto               ; Auto               ;
; NOT Gate Push-Back                                               ; On                 ; On                 ;
; Power-Up Don't Care                                              ; On                 ; On                 ;
; Remove Redundant Logic Cells                                     ; Off                ; Off                ;
; Remove Duplicate Registers                                       ; On                 ; On                 ;
; Ignore CARRY Buffers                                             ; Off                ; Off                ;
; Ignore CASCADE Buffers                                           ; Off                ; Off                ;
; Ignore GLOBAL Buffers                                            ; Off                ; Off                ;
; Ignore ROW GLOBAL Buffers                                        ; Off                ; Off                ;
; Ignore LCELL Buffers                                             ; Off                ; Off                ;
; Ignore SOFT Buffers                                              ; On                 ; On                 ;
; Limit AHDL Integers to 32 Bits                                   ; Off                ; Off                ;
; Optimization Technique                                           ; Balanced           ; Balanced           ;
; Carry Chain Length                                               ; 70                 ; 70                 ;
; Auto Carry Chains                                                ; On                 ; On                 ;
; Auto Open-Drain Pins                                             ; On                 ; On                 ;
; Perform WYSIWYG Primitive Resynthesis                            ; Off                ; Off                ;
; Auto ROM Replacement                                             ; On                 ; On                 ;
; Auto RAM Replacement                                             ; On                 ; On                 ;
; Auto DSP Block Replacement                                       ; On                 ; On                 ;
; Auto Shift Register Replacement                                  ; Auto               ; Auto               ;
; Allow Shift Register Merging across Hierarchies                  ; Auto               ; Auto               ;
; Auto Clock Enable Replacement                                    ; On                 ; On                 ;
; Strict RAM Replacement                                           ; Off                ; Off                ;
; Allow Synchronous Control Signals                                ; On                 ; On                 ;
; Force Use of Synchronous Clear Signals                           ; Off                ; Off                ;
; Auto RAM Block Balancing                                         ; On                 ; On                 ;
; Auto RAM to Logic Cell Conversion                                ; Off                ; Off                ;
; Auto Resource Sharing                                            ; Off                ; Off                ;
; Allow Any RAM Size For Recognition                               ; Off                ; Off                ;
; Allow Any ROM Size For Recognition                               ; Off                ; Off                ;
; Allow Any Shift Register Size For Recognition                    ; Off                ; Off                ;
; Use LogicLock Constraints during Resource Balancing              ; On                 ; On                 ;
; Ignore translate_off and synthesis_off directives                ; Off                ; Off                ;
; Timing-Driven Synthesis                                          ; On                 ; On                 ;
; Report Parameter Settings                                        ; On                 ; On                 ;
; Report Source Assignments                                        ; On                 ; On                 ;
; Report Connectivity Checks                                       ; On                 ; On                 ;
; Ignore Maximum Fan-Out Assignments                               ; Off                ; Off                ;
; Synchronization Register Chain Length                            ; 2                  ; 2                  ;
; Power Optimization During Synthesis                              ; Normal compilation ; Normal compilation ;
; HDL message level                                                ; Level2             ; Level2             ;
; Suppress Register Optimization Related Messages                  ; Off                ; Off                ;
; Number of Removed Registers Reported in Synthesis Report         ; 5000               ; 5000               ;
; Number of Swept Nodes Reported in Synthesis Report               ; 5000               ; 5000               ;
; Number of Inverted Registers Reported in Synthesis Report        ; 100                ; 100                ;
; Clock MUX Protection                                             ; On                 ; On                 ;
; Auto Gated Clock Conversion                                      ; Off                ; Off                ;
; Block Design Naming                                              ; Auto               ; Auto               ;
; SDC constraint protection                                        ; Off                ; Off                ;
; Synthesis Effort                                                 ; Auto               ; Auto               ;
; Shift Register Replacement - Allow Asynchronous Clear Signal     ; On                 ; On                 ;
; Pre-Mapping Resynthesis Optimization                             ; Off                ; Off                ;
; Analysis & Synthesis Message Level                               ; Medium             ; Medium             ;
; Disable Register Merging Across Hierarchies                      ; Auto               ; Auto               ;
; Resource Aware Inference For Block RAM                           ; On                 ; On                 ;
+------------------------------------------------------------------+--------------------+--------------------+


+------------------------------------------+
; Parallel Compilation                     ;
+----------------------------+-------------+
; Processors                 ; Number      ;
+----------------------------+-------------+
; Number detected on machine ; 8           ;
; Maximum allowed            ; 4           ;
;                            ;             ;
; Average used               ; 1.00        ;
; Maximum used               ; 4           ;
;                            ;             ;
; Usage by Processor         ; % Time Used ;
;     Processor 1            ; 100.0%      ;
;     Processors 2-4         ;   0.0%      ;
+----------------------------+-------------+


+-----------------------------------------------------------------------------------------------------------------------------------------------------+
; Analysis & Synthesis Source Files Read                                                                                                              ;
+----------------------------------+-----------------+------------------------+-------------------------------------------------------------+---------+
; File Name with User-Entered Path ; Used in Netlist ; File Type              ; File Name with Absolute Path                                ; Library ;
+----------------------------------+-----------------+------------------------+-------------------------------------------------------------+---------+
; Mult.v                           ; yes             ; User Verilog HDL File  ; C:/Users/thwaitester/Documents/fpga/project1/Mult.v         ;         ;
; Comparison.v                     ; yes             ; User Verilog HDL File  ; C:/Users/thwaitester/Documents/fpga/project1/Comparison.v   ;         ;
; Multiplexer.v                    ; yes             ; User Verilog HDL File  ; C:/Users/thwaitester/Documents/fpga/project1/Multiplexer.v  ;         ;
; Arithmetic.v                     ; yes             ; User Verilog HDL File  ; C:/Users/thwaitester/Documents/fpga/project1/Arithmetic.v   ;         ;
; Project1_top.v                   ; yes             ; User Verilog HDL File  ; C:/Users/thwaitester/Documents/fpga/project1/Project1_top.v ;         ;
; SevenSegment.v                   ; yes             ; User Verilog HDL File  ; C:/Users/thwaitester/Documents/fpga/project1/SevenSegment.v ;         ;
; Add.v                            ; yes             ; User Verilog HDL File  ; C:/Users/thwaitester/Documents/fpga/project1/Add.v          ;         ;
; Sub.v                            ; yes             ; User Verilog HDL File  ; C:/Users/thwaitester/Documents/fpga/project1/Sub.v          ;         ;
; Div.v                            ; yes             ; User Verilog HDL File  ; C:/Users/thwaitester/Documents/fpga/project1/Div.v          ;         ;
; logical.v                        ; yes             ; User Verilog HDL File  ; C:/Users/thwaitester/Documents/fpga/project1/logical.v      ;         ;
; Magic.v                          ; yes             ; User Verilog HDL File  ; C:/Users/thwaitester/Documents/fpga/project1/Magic.v        ;         ;
+----------------------------------+-----------------+------------------------+-------------------------------------------------------------+---------+


+------------------------------------------------------------------+
; Analysis & Synthesis Resource Usage Summary                      ;
+---------------------------------------------+--------------------+
; Resource                                    ; Usage              ;
+---------------------------------------------+--------------------+
; Estimated Total logic elements              ; 291                ;
;                                             ;                    ;
; Total combinational functions               ; 290                ;
; Logic element usage by number of LUT inputs ;                    ;
;     -- 4 input functions                    ; 138                ;
;     -- 3 input functions                    ; 56                 ;
;     -- <=2 input functions                  ; 96                 ;
;                                             ;                    ;
; Logic elements by mode                      ;                    ;
;     -- normal mode                          ; 178                ;
;     -- arithmetic mode                      ; 112                ;
;                                             ;                    ;
; Total registers                             ; 67                 ;
;     -- Dedicated logic registers            ; 67                 ;
;     -- I/O registers                        ; 0                  ;
;                                             ;                    ;
; I/O pins                                    ; 39                 ;
;                                             ;                    ;
; Embedded Multiplier 9-bit elements          ; 0                  ;
;                                             ;                    ;
; Maximum fan-out node                        ; Magic:magic1|flash ;
; Maximum fan-out                             ; 43                 ;
; Total fan-out                               ; 1149               ;
; Average fan-out                             ; 2.64               ;
+---------------------------------------------+--------------------+


+----------------------------------------------------------------------------------------------------------------------------------------------------------------------------------------------------------------------------------------------------------------------+
; Analysis & Synthesis Resource Utilization by Entity                                                                                                                                                                                                                  ;
+-----------------------------+---------------------+---------------------------+-------------+------------+--------------+---------+-----------+------+--------------+------------+-----------------------------------------------------+--------------+--------------+
; Compilation Hierarchy Node  ; Combinational ALUTs ; Dedicated Logic Registers ; Memory Bits ; UFM Blocks ; DSP Elements ; DSP 9x9 ; DSP 18x18 ; Pins ; Virtual Pins ; ADC blocks ; Full Hierarchy Name                                 ; Entity Name  ; Library Name ;
+-----------------------------+---------------------+---------------------------+-------------+------------+--------------+---------+-----------+------+--------------+------------+-----------------------------------------------------+--------------+--------------+
; |Project1_top               ; 290 (2)             ; 67 (2)                    ; 0           ; 0          ; 0            ; 0       ; 0         ; 39   ; 0            ; 0          ; |Project1_top                                       ; Project1_top ; work         ;
;    |Arithmetic:math1|       ; 11 (4)              ; 0 (0)                     ; 0           ; 0          ; 0            ; 0       ; 0         ; 0    ; 0            ; 0          ; |Project1_top|Arithmetic:math1                      ; Arithmetic   ; work         ;
;       |Add:addinst|         ; 5 (5)               ; 0 (0)                     ; 0           ; 0          ; 0            ; 0       ; 0         ; 0    ; 0            ; 0          ; |Project1_top|Arithmetic:math1|Add:addinst          ; Add          ; work         ;
;       |Sub:subinst|         ; 2 (2)               ; 0 (0)                     ; 0           ; 0          ; 0            ; 0       ; 0         ; 0    ; 0            ; 0          ; |Project1_top|Arithmetic:math1|Sub:subinst          ; Sub          ; work         ;
;    |Comparison:comp1|       ; 11 (11)             ; 0 (0)                     ; 0           ; 0          ; 0            ; 0       ; 0         ; 0    ; 0            ; 0          ; |Project1_top|Comparison:comp1                      ; Comparison   ; work         ;
;    |Magic:magic1|           ; 189 (189)           ; 65 (65)                   ; 0           ; 0          ; 0            ; 0       ; 0         ; 0    ; 0            ; 0          ; |Project1_top|Magic:magic1                          ; Magic        ; work         ;
;    |Multiplexer:mult1|      ; 74 (60)             ; 0 (0)                     ; 0           ; 0          ; 0            ; 0       ; 0         ; 0    ; 0            ; 0          ; |Project1_top|Multiplexer:mult1                     ; Multiplexer  ; work         ;
;       |SevenSegment:light1| ; 7 (7)               ; 0 (0)                     ; 0           ; 0          ; 0            ; 0       ; 0         ; 0    ; 0            ; 0          ; |Project1_top|Multiplexer:mult1|SevenSegment:light1 ; SevenSegment ; work         ;
;       |SevenSegment:light2| ; 7 (7)               ; 0 (0)                     ; 0           ; 0          ; 0            ; 0       ; 0         ; 0    ; 0            ; 0          ; |Project1_top|Multiplexer:mult1|SevenSegment:light2 ; SevenSegment ; work         ;
;    |logical:bool1|          ; 3 (3)               ; 0 (0)                     ; 0           ; 0          ; 0            ; 0       ; 0         ; 0    ; 0            ; 0          ; |Project1_top|logical:bool1                         ; logical      ; work         ;
+-----------------------------+---------------------+---------------------------+-------------+------------+--------------+---------+-----------+------+--------------+------------+-----------------------------------------------------+--------------+--------------+
Note: For table entries with two numbers listed, the numbers in parentheses indicate the number of resources of the given type used by the specific entity alone. The numbers listed outside of parentheses indicate the total resources of the given type used by the specific entity and all of its sub-entities in the hierarchy.


+------------------------------------------------------+
; General Register Statistics                          ;
+----------------------------------------------+-------+
; Statistic                                    ; Value ;
+----------------------------------------------+-------+
; Total registers                              ; 67    ;
; Number of registers using Synchronous Clear  ; 0     ;
; Number of registers using Synchronous Load   ; 0     ;
; Number of registers using Asynchronous Clear ; 0     ;
; Number of registers using Asynchronous Load  ; 0     ;
; Number of registers using Clock Enable       ; 42    ;
; Number of registers using Preset             ; 0     ;
+----------------------------------------------+-------+


+--------------------------------------------------+
; Inverted Register Statistics                     ;
+----------------------------------------+---------+
; Inverted Register                      ; Fan out ;
+----------------------------------------+---------+
; Magic:magic1|dir                       ; 35      ;
; Total number of inverted registers = 1 ;         ;
+----------------------------------------+---------+


+-------------------------------------------------------------------------------------------------------------------------------------------------------+
; Multiplexer Restructuring Statistics (Restructuring Performed)                                                                                        ;
+--------------------+-----------+---------------+----------------------+------------------------+------------+-----------------------------------------+
; Multiplexer Inputs ; Bus Width ; Baseline Area ; Area if Restructured ; Saving if Restructured ; Registered ; Example Multiplexer Output              ;
+--------------------+-----------+---------------+----------------------+------------------------+------------+-----------------------------------------+
; 3:1                ; 32 bits   ; 64 LEs        ; 32 LEs               ; 32 LEs                 ; Yes        ; |Project1_top|Magic:magic1|i[13]        ;
; 4:1                ; 8 bits    ; 16 LEs        ; 16 LEs               ; 0 LEs                  ; No         ; |Project1_top|Multiplexer:mult1|Mux8    ;
; 3:1                ; 7 bits    ; 14 LEs        ; 7 LEs                ; 7 LEs                  ; No         ; |Project1_top|Multiplexer:mult1|hex1[6] ;
; 4:1                ; 3 bits    ; 6 LEs         ; 6 LEs                ; 0 LEs                  ; No         ; |Project1_top|Multiplexer:mult1|Mux11   ;
; 5:1                ; 7 bits    ; 21 LEs        ; 7 LEs                ; 14 LEs                 ; No         ; |Project1_top|Multiplexer:mult1|Mux24   ;
; 8:1                ; 3 bits    ; 15 LEs        ; 12 LEs               ; 3 LEs                  ; No         ; |Project1_top|Multiplexer:mult1|Mux14   ;
+--------------------+-----------+---------------+----------------------+------------------------+------------+-----------------------------------------+


+---------------------------------------------------------------------------+
; Parameter Settings for User Entity Instance: Arithmetic:math1|Add:addinst ;
+----------------+-------+--------------------------------------------------+
; Parameter Name ; Value ; Type                                             ;
+----------------+-------+--------------------------------------------------+
; j              ; 4     ; Signed Integer                                   ;
+----------------+-------+--------------------------------------------------+
Note: In order to hide this table in the UI and the text report file, please set the "Show Parameter Settings in Synthesis Report" option in "Analysis and Synthesis Settings -> More Settings" to "Off".


+---------------------------------------------------------------------------+
; Parameter Settings for User Entity Instance: Arithmetic:math1|Sub:subinst ;
+----------------+-------+--------------------------------------------------+
; Parameter Name ; Value ; Type                                             ;
+----------------+-------+--------------------------------------------------+
; j              ; 4     ; Signed Integer                                   ;
+----------------+-------+--------------------------------------------------+
Note: In order to hide this table in the UI and the text report file, please set the "Show Parameter Settings in Synthesis Report" option in "Analysis and Synthesis Settings -> More Settings" to "Off".


+-----------------------------------------------------+
; Post-Synthesis Netlist Statistics for Top Partition ;
+-----------------------+-----------------------------+
; Type                  ; Count                       ;
+-----------------------+-----------------------------+
; boundary_port         ; 39                          ;
; cycloneiii_ff         ; 67                          ;
;     ENA               ; 42                          ;
;     plain             ; 25                          ;
; cycloneiii_lcell_comb ; 290                         ;
;     arith             ; 112                         ;
;         2 data inputs ; 81                          ;
;         3 data inputs ; 31                          ;
;     normal            ; 178                         ;
;         1 data inputs ; 4                           ;
;         2 data inputs ; 11                          ;
;         3 data inputs ; 25                          ;
;         4 data inputs ; 138                         ;
;                       ;                             ;
; Max LUT depth         ; 10.20                       ;
; Average LUT depth     ; 6.02                        ;
+-----------------------+-----------------------------+


+-------------------------------+
; Elapsed Time Per Partition    ;
+----------------+--------------+
; Partition Name ; Elapsed Time ;
+----------------+--------------+
; Top            ; 00:00:00     ;
+----------------+--------------+


+-------------------------------+
; Analysis & Synthesis Messages ;
+-------------------------------+
Info: *******************************************************************
Info: Running Quartus Prime Analysis & Synthesis
    Info: Version 18.1.0 Build 625 09/12/2018 SJ Lite Edition
    Info: Processing started: Sat Mar 23 17:43:32 2019
Info: Command: quartus_map --read_settings_files=on --write_settings_files=off Project1 -c Project1
Warning (18236): Number of processors has not been specified which may cause overloading on shared machines.  Set the global assignment NUM_PARALLEL_PROCESSORS in your QSF to an appropriate value for best performance.
Info (20030): Parallel compilation is enabled and will use 4 of the 4 processors detected
Info (12021): Found 1 design units, including 1 entities, in source file mult.v
    Info (12023): Found entity 1: Mult File: C:/Users/thwaitester/Documents/fpga/project1/Mult.v Line: 1
Info (12021): Found 1 design units, including 1 entities, in source file comparison.v
    Info (12023): Found entity 1: Comparison File: C:/Users/thwaitester/Documents/fpga/project1/Comparison.v Line: 2
Info (12021): Found 1 design units, including 1 entities, in source file multiplexer.v
    Info (12023): Found entity 1: Multiplexer File: C:/Users/thwaitester/Documents/fpga/project1/Multiplexer.v Line: 2
Info (12021): Found 1 design units, including 1 entities, in source file arithmetic.v
    Info (12023): Found entity 1: Arithmetic File: C:/Users/thwaitester/Documents/fpga/project1/Arithmetic.v Line: 1
Info (12021): Found 1 design units, including 1 entities, in source file project1_top.v
    Info (12023): Found entity 1: Project1_top File: C:/Users/thwaitester/Documents/fpga/project1/Project1_top.v Line: 6
Info (12021): Found 1 design units, including 1 entities, in source file sevensegment.v
    Info (12023): Found entity 1: SevenSegment File: C:/Users/thwaitester/Documents/fpga/project1/SevenSegment.v Line: 2
Info (12021): Found 1 design units, including 1 entities, in source file add.v
    Info (12023): Found entity 1: Add File: C:/Users/thwaitester/Documents/fpga/project1/Add.v Line: 1
Info (12021): Found 1 design units, including 1 entities, in source file sub.v
    Info (12023): Found entity 1: Sub File: C:/Users/thwaitester/Documents/fpga/project1/Sub.v Line: 1
Info (12021): Found 1 design units, including 1 entities, in source file div.v
    Info (12023): Found entity 1: Div File: C:/Users/thwaitester/Documents/fpga/project1/Div.v Line: 1
Info (12021): Found 1 design units, including 1 entities, in source file logical.v
    Info (12023): Found entity 1: logical File: C:/Users/thwaitester/Documents/fpga/project1/logical.v Line: 1
Info (12021): Found 1 design units, including 1 entities, in source file magic.v
    Info (12023): Found entity 1: Magic File: C:/Users/thwaitester/Documents/fpga/project1/Magic.v Line: 2
Warning (10236): Verilog HDL Implicit Net warning at Add.v(21): created implicit net for "wire3" File: C:/Users/thwaitester/Documents/fpga/project1/Add.v Line: 21
Warning (10236): Verilog HDL Implicit Net warning at Add.v(22): created implicit net for "wire2" File: C:/Users/thwaitester/Documents/fpga/project1/Add.v Line: 22
Warning (10236): Verilog HDL Implicit Net warning at Add.v(22): created implicit net for "wire1" File: C:/Users/thwaitester/Documents/fpga/project1/Add.v Line: 22
Warning (10236): Verilog HDL Implicit Net warning at Sub.v(21): created implicit net for "wire3" File: C:/Users/thwaitester/Documents/fpga/project1/Sub.v Line: 21
Warning (10236): Verilog HDL Implicit Net warning at Sub.v(22): created implicit net for "wire2" File: C:/Users/thwaitester/Documents/fpga/project1/Sub.v Line: 22
Warning (10236): Verilog HDL Implicit Net warning at Sub.v(22): created implicit net for "wire1" File: C:/Users/thwaitester/Documents/fpga/project1/Sub.v Line: 22
Info (12127): Elaborating entity "Project1_top" for the top level hierarchy
Info (12128): Elaborating entity "Magic" for hierarchy "Magic:magic1" File: C:/Users/thwaitester/Documents/fpga/project1/Project1_top.v Line: 30
Warning (10230): Verilog HDL assignment warning at Magic.v(15): truncated value with size 32 to match size of target (21) File: C:/Users/thwaitester/Documents/fpga/project1/Magic.v Line: 15
Info (12128): Elaborating entity "Comparison" for hierarchy "Comparison:comp1" File: C:/Users/thwaitester/Documents/fpga/project1/Project1_top.v Line: 31
Warning (10235): Verilog HDL Always Construct warning at Comparison.v(19): variable "A" is read inside the Always Construct but isn't in the Always Construct's Event Control File: C:/Users/thwaitester/Documents/fpga/project1/Comparison.v Line: 19
Warning (10235): Verilog HDL Always Construct warning at Comparison.v(19): variable "B" is read inside the Always Construct but isn't in the Always Construct's Event Control File: C:/Users/thwaitester/Documents/fpga/project1/Comparison.v Line: 19
Warning (10235): Verilog HDL Always Construct warning at Comparison.v(25): variable "A" is read inside the Always Construct but isn't in the Always Construct's Event Control File: C:/Users/thwaitester/Documents/fpga/project1/Comparison.v Line: 25
Warning (10235): Verilog HDL Always Construct warning at Comparison.v(25): variable "B" is read inside the Always Construct but isn't in the Always Construct's Event Control File: C:/Users/thwaitester/Documents/fpga/project1/Comparison.v Line: 25
Warning (10235): Verilog HDL Always Construct warning at Comparison.v(30): variable "A" is read inside the Always Construct but isn't in the Always Construct's Event Control File: C:/Users/thwaitester/Documents/fpga/project1/Comparison.v Line: 30
Warning (10235): Verilog HDL Always Construct warning at Comparison.v(30): variable "B" is read inside the Always Construct but isn't in the Always Construct's Event Control File: C:/Users/thwaitester/Documents/fpga/project1/Comparison.v Line: 30
Info (12128): Elaborating entity "Arithmetic" for hierarchy "Arithmetic:math1" File: C:/Users/thwaitester/Documents/fpga/project1/Project1_top.v Line: 32
Warning (10235): Verilog HDL Always Construct warning at Arithmetic.v(36): variable "addo" is read inside the Always Construct but isn't in the Always Construct's Event Control File: C:/Users/thwaitester/Documents/fpga/project1/Arithmetic.v Line: 36
Warning (10235): Verilog HDL Always Construct warning at Arithmetic.v(37): variable "addo" is read inside the Always Construct but isn't in the Always Construct's Event Control File: C:/Users/thwaitester/Documents/fpga/project1/Arithmetic.v Line: 37
Warning (10235): Verilog HDL Always Construct warning at Arithmetic.v(40): variable "subo" is read inside the Always Construct but isn't in the Always Construct's Event Control File: C:/Users/thwaitester/Documents/fpga/project1/Arithmetic.v Line: 40
Warning (10235): Verilog HDL Always Construct warning at Arithmetic.v(41): variable "subo" is read inside the Always Construct but isn't in the Always Construct's Event Control File: C:/Users/thwaitester/Documents/fpga/project1/Arithmetic.v Line: 41
Warning (10235): Verilog HDL Always Construct warning at Arithmetic.v(44): variable "multo" is read inside the Always Construct but isn't in the Always Construct's Event Control File: C:/Users/thwaitester/Documents/fpga/project1/Arithmetic.v Line: 44
Warning (10235): Verilog HDL Always Construct warning at Arithmetic.v(45): variable "multo" is read inside the Always Construct but isn't in the Always Construct's Event Control File: C:/Users/thwaitester/Documents/fpga/project1/Arithmetic.v Line: 45
Warning (10235): Verilog HDL Always Construct warning at Arithmetic.v(48): variable "divo" is read inside the Always Construct but isn't in the Always Construct's Event Control File: C:/Users/thwaitester/Documents/fpga/project1/Arithmetic.v Line: 48
Warning (10235): Verilog HDL Always Construct warning at Arithmetic.v(49): variable "divo" is read inside the Always Construct but isn't in the Always Construct's Event Control File: C:/Users/thwaitester/Documents/fpga/project1/Arithmetic.v Line: 49
Info (12128): Elaborating entity "Add" for hierarchy "Arithmetic:math1|Add:addinst" File: C:/Users/thwaitester/Documents/fpga/project1/Arithmetic.v Line: 15
Info (12128): Elaborating entity "Sub" for hierarchy "Arithmetic:math1|Sub:subinst" File: C:/Users/thwaitester/Documents/fpga/project1/Arithmetic.v Line: 16
Info (12128): Elaborating entity "Mult" for hierarchy "Arithmetic:math1|Mult:multinst" File: C:/Users/thwaitester/Documents/fpga/project1/Arithmetic.v Line: 17
Info (12128): Elaborating entity "Div" for hierarchy "Arithmetic:math1|Div:divinst" File: C:/Users/thwaitester/Documents/fpga/project1/Arithmetic.v Line: 18
Info (12128): Elaborating entity "logical" for hierarchy "logical:bool1" File: C:/Users/thwaitester/Documents/fpga/project1/Project1_top.v Line: 33
Info (12128): Elaborating entity "Multiplexer" for hierarchy "Multiplexer:mult1" File: C:/Users/thwaitester/Documents/fpga/project1/Project1_top.v Line: 36
Info (12128): Elaborating entity "SevenSegment" for hierarchy "Multiplexer:mult1|SevenSegment:light1" File: C:/Users/thwaitester/Documents/fpga/project1/Multiplexer.v Line: 81
Info (286030): Timing-Driven Synthesis is running
Info (16010): Generating hard_block partition "hard_block:auto_generated_inst"
    Info (16011): Adding 0 node(s), including 0 DDIO, 0 PLL, 0 transceiver and 0 LCELL
Info (21057): Implemented 330 device resources after synthesis - the final resource count might be different
    Info (21058): Implemented 13 input pins
    Info (21059): Implemented 26 output pins
    Info (21061): Implemented 291 logic cells
Info: Quartus Prime Analysis & Synthesis was successful. 0 errors, 22 warnings
    Info: Peak virtual memory: 4789 megabytes
    Info: Processing ended: Sat Mar 23 17:43:43 2019
    Info: Elapsed time: 00:00:11
    Info: Total CPU time (on all processors): 00:00:24


